// Jest Snapshot v1, https://goo.gl/fbAQLP

exports[`SyntaxHighlighter component passes along code style to LineNumbers 1`] = `
<pre
  style={
    Object {
      "background": "#F0F0F0",
      "color": "#444",
      "display": "block",
      "overflowX": "auto",
      "padding": "0.5em",
    }
  }
>
  <code
    style={
      Object {
        "color": "blue",
      }
    }
  >
    <code
      style={
        Object {
          "color": "blue",
          "float": "left",
          "paddingRight": "10px",
        }
      }
    >
      <span
        className="react-syntax-highlighter-line-number"
        style={Object {}}
      >
        1

      </span>
      <span
        className="react-syntax-highlighter-line-number"
        style={Object {}}
      >
        2

      </span>
      <span
        className="react-syntax-highlighter-line-number"
        style={Object {}}
      >
        3

      </span>
      <span
        className="react-syntax-highlighter-line-number"
        style={Object {}}
      >
        4

      </span>
      <span
        className="react-syntax-highlighter-line-number"
        style={Object {}}
      >
        5

      </span>
      <span
        className="react-syntax-highlighter-line-number"
        style={Object {}}
      >
        6

      </span>
      <span
        className="react-syntax-highlighter-line-number"
        style={Object {}}
      >
        7

      </span>
      <span
        className="react-syntax-highlighter-line-number"
        style={Object {}}
      >
        8

      </span>
      <span
        className="react-syntax-highlighter-line-number"
        style={Object {}}
      >
        9

      </span>
      <span
        className="react-syntax-highlighter-line-number"
        style={Object {}}
      >
        10

      </span>
    </code>
    <span
      style={Object {}}
    >
      const woah = fun =&gt; fun + 1;

    </span>
    const dude = woah(2) + 3;

    function thisIsAFunction() {

      return [1,2,3].map(n =&gt; n + 1).filter(n !== 3);

    }

    console.log('making up fake code is really hard');

    

    function itIs() {

      return 'no seriously really it is';

    }

    

  </code>
</pre>
`;
